---
source: crates/typst-test-cli/src/ui.rs
expression: str
---
[0m[1mHeading[0m
[0m[1m[0m  [0m[1mHello World
