---
source: crates/typst-test-cli/src/ui.rs
expression: str
---
    Hello

    World
